STEP                           STATE     CHOICE  DETAIL
Platform                       ok        keep    macOS 15.0 (arm64); jobs: launchd
Binary                         absent    apply   install /opt/build/claude-memory to $HOME/.local/bin/claude-memory
  - binary/file absent install /opt/build/claude-memory to $HOME/.local/bin/claude-memory
  - binary/dir absent create $HOME/.local/bin
Prerequisites                  ok        keep    found: git, claude, psql, az, ollama
Topology                       outdated  apply   record topology remote
Env file                       absent    apply   $HOME/.config/claude-memory/env: dir, MEMORY_PG_DSN, MEMORY_OLLAMA_URL, MEMORY_OLLAMA_MODEL
  - envfile/dir absent create $HOME/.config/claude-memory (mode 0700)
  - envfile/MEMORY_PG_DSN absent add MEMORY_PG_DSN
  - envfile/MEMORY_OLLAMA_URL absent add MEMORY_OLLAMA_URL
  - envfile/MEMORY_OLLAMA_MODEL absent add MEMORY_OLLAMA_MODEL
Database                       ok        keep    connected to postgresql://claude_memory@db.example.com:5432/claude_memory?sslmode=require (pgvector 0.7.0)
Schema migrations              outdated  apply   schema behind: 0002 (missing records.namespace)
Ollama                         absent    apply   model bge-m3 is not pulled at http://ollama.example.com:11434
Namespaces                     absent    apply   $HOME/.config/claude-memory/namespaces.yaml will be created
Hook scripts                   absent    apply   user-prompt-submit.sh: will be created; session-end.sh: will be created
  - hooks.scripts/user-prompt-submit.sh absent will be created
  - hooks.scripts/session-end.sh absent will be created
Hook entries in settings.json  absent    apply   $HOME/.claude/settings.json will be created
  - hooks.settings/UserPromptSubmit absent no claude-memory entry
  - hooks.settings/SessionEnd absent no claude-memory entry
MCP registration               absent    apply   $HOME/.claude.json does not exist
Final doctor                   ok        keep    not run in --dry-run

Plan

Binary
  write   $HOME/.local/bin — create directory
  write   $HOME/.local/bin/claude-memory — copy /opt/build/claude-memory (mode 0755)

Topology
  write   $HOME/.config/claude-memory/install.json — record topology remote

Env file
  write   $HOME/.config/claude-memory — create directory (mode 0700)
  write   $HOME/.config/claude-memory/env — add MEMORY_PG_DSN
  write   $HOME/.config/claude-memory/env — add MEMORY_OLLAMA_URL
  write   $HOME/.config/claude-memory/env — add MEMORY_OLLAMA_MODEL
  diff $HOME/.config/claude-memory/env
    --- /dev/null
    +++ $HOME/.config/claude-memory/env
    @@ -0,0 +1,3 @@
    +MEMORY_PG_DSN=postgresql://claude_memory:***@db.example.com:5432/claude_memory?sslmode=require
    +MEMORY_OLLAMA_URL=http://ollama.example.com:11434
    +MEMORY_OLLAMA_MODEL=bge-m3

Schema migrations
  migrate  — apply the embedded schema migrations (the same as `claude-memory migrate`)

Ollama
  pull    http://ollama.example.com:11434 — pull model bge-m3 (POST /api/pull, then verify 1024 dimensions)
  warn: Ollama at http://ollama.example.com:11434 is not on this machine: prompts are sent over the network for embedding. The prompt hook gives up after MEMORY_HOOK_TIMEOUT (800 ms by default), and a slow remote Ollama - e.g. on CPU, where DEPLOY.md measured 0.23 s for 15 tokens and 2.3 s for 150 - makes the hook time out and inject nothing at all; memory_search via MCP still works. Doctor's ollama.embed warning (> 500 ms) is the watchdog.

Namespaces
  write   $HOME/.config/claude-memory — create directory (mode 0700)
  write   $HOME/.config/claude-memory/namespaces.yaml — create with default namespace global, work=~/work/**
  diff $HOME/.config/claude-memory/namespaces.yaml
    --- /dev/null
    +++ $HOME/.config/claude-memory/namespaces.yaml
    @@ -0,0 +1,9 @@
    +# claude-memory namespaces. Maps project directories to memory namespaces.
    +# Resolution: MEMORY_NAMESPACE env > most specific matching path below >
    +# default > "global". Paths are globs ("**" = any depth, "~" = home).
    +# Manage with: claude-memory namespaces add|which|init
    +default: global
    +namespaces:
    +    - namespace: work
    +      paths:
    +        - ~/work/**

Hook scripts
  write   $HOME/.claude/hooks/claude-memory — create directory (mode 0755)
  write   $HOME/.claude/hooks/claude-memory/user-prompt-submit.sh — create (mode 0755)
  write   $HOME/.claude/hooks/claude-memory/session-end.sh — create (mode 0755)
  diff $HOME/.claude/hooks/claude-memory/user-prompt-submit.sh
    --- /dev/null
    +++ $HOME/.claude/hooks/claude-memory/user-prompt-submit.sh
    @@ -0,0 +1,26 @@
    +#!/usr/bin/env bash
    +# Claude Code UserPromptSubmit hook wrapper.
    +#
    +# Claude Code invokes this script with the hook's JSON on stdin and reads
    +# structured output from stdout. This wrapper is a thin pass-through to
    +# `claude-memory hook`, which performs the actual search/threshold logic
    +# (internal/memory + internal/ollama + internal/postgres, in-process).
    +#
    +# AC-31: a missing binary, a down Ollama, or an unreachable Postgres must
    +# never fail or delay prompt submission — always exit 0, with no stderr
    +# noise Claude Code would otherwise surface to the user.
    +set -u
    +
    +CLAUDE_MEMORY_BIN="${CLAUDE_MEMORY_BIN:-$HOME/.local/bin/claude-memory}"
    +
    +if [ ! -x "$CLAUDE_MEMORY_BIN" ]; then
    +  # Not installed yet (or PATH misconfigured): nothing to inject.
    +  exit 0
    +fi
    +
    +# `claude-memory hook` itself enforces MEMORY_HOOK_TIMEOUT (default 800ms)
    +# internally and exits 0 silently on any error (AC-31); no need to
    +# duplicate that timeout here.
    +"$CLAUDE_MEMORY_BIN" hook
    +
    +exit 0
  diff $HOME/.claude/hooks/claude-memory/session-end.sh
    --- /dev/null
    +++ $HOME/.claude/hooks/claude-memory/session-end.sh
    @@ -0,0 +1,22 @@
    +#!/usr/bin/env bash
    +# Claude Code SessionEnd hook wrapper.
    +#
    +# Claude Code invokes this script with the hook's JSON (including
    +# transcript_path) on stdin. This wrapper is a thin pass-through to
    +# `claude-memory extract`, which itself launches a fully detached
    +# background re-exec of itself (`extract --run <transcript_path>`) and
    +# returns immediately without waiting for extraction to finish (AC-21).
    +#
    +# This script must return immediately: it must never block session-end,
    +# and it must never fail it (no non-zero exit, no surfaced error).
    +set -u
    +
    +CLAUDE_MEMORY_BIN="${CLAUDE_MEMORY_BIN:-$HOME/.local/bin/claude-memory}"
    +
    +if [ ! -x "$CLAUDE_MEMORY_BIN" ]; then
    +  exit 0
    +fi
    +
    +"$CLAUDE_MEMORY_BIN" extract
    +
    +exit 0

Hook entries in settings.json
  write   $HOME/.claude/settings.json — add the UserPromptSubmit entry
  write   $HOME/.claude/settings.json — add the SessionEnd entry
  diff $HOME/.claude/settings.json
    --- /dev/null
    +++ $HOME/.claude/settings.json
    @@ -0,0 +1,26 @@
    +{
    +  "hooks": {
    +    "UserPromptSubmit": [
    +      {
    +        "hooks": [
    +          {
    +            "type": "command",
    +            "command": "$HOME/.claude/hooks/claude-memory/user-prompt-submit.sh",
    +            "timeout": 5
    +          }
    +        ]
    +      }
    +    ],
    +    "SessionEnd": [
    +      {
    +        "hooks": [
    +          {
    +            "type": "command",
    +            "command": "$HOME/.claude/hooks/claude-memory/session-end.sh",
    +            "timeout": 5
    +          }
    +        ]
    +      }
    +    ]
    +  }
    +}

MCP registration
  register — claude mcp add --scope user claude-memory -- $HOME/.local/bin/claude-memory serve

warn: $HOME/.local/bin is not on PATH: add `export PATH="$HOME/.local/bin:$PATH"` to your shell profile
warn: Ollama at http://ollama.example.com:11434 is not on this machine: prompts are sent over the network for embedding. The prompt hook gives up after MEMORY_HOOK_TIMEOUT (800 ms by default), and a slow remote Ollama - e.g. on CPU, where DEPLOY.md measured 0.23 s for 15 tokens and 2.3 s for 150 - makes the hook time out and inject nothing at all; memory_search via MCP still works. Doctor's ollama.embed warning (> 500 ms) is the watchdog.

Dry run: nothing was changed.

