warn: Claude config dir changed since the last install (was ~/.claude, now ~/.claude-work)
warn: this is a downgrade (manifest 0.9.0, binary 0.8.0)
info: manifest backup written to manifest.json.corrupt-1
STEP              STATE     CHOICE                DETAIL
Binary            ok        keep                  /home/u/.local/bin/claude-memory
Env file          modified  keep                  MEMORY_PG_DSN=postgresql://claude_memory:***@db:5432/claude_memory differs
  - envfile/MEMORY_PG_DSN modified differs from recorded
  - envfile/mode outdated mode 0644, want 0600
Hooks (settings)  absent    apply                 2 events to add
Scheduled jobs    absent    apply (after binary)
Ollama            blocked   skip                  ollama not found

Plan

Env file
  write   ~/.config/claude-memory/env — add MEMORY_PG_DSN
  chmod   ~/.config/claude-memory/env — 0600
  diff ~/.config/claude-memory/env
    --- a/env
    +++ b/env
    @@ -1 +1,2 @@
     MEMORY_OLLAMA_URL=http://localhost:11434
    +MEMORY_PG_DSN=postgresql://claude_memory:***@db:5432/claude_memory
  info: the password is kept in the env file only

Hooks (settings)
  write   ~/.claude/settings.json
  diff ~/.claude/settings.json
    --- a/settings.json
    +++ b/settings.json
    @@ -1,3 +1,4 @@
     {
    -  "a": 1
    +  "a": 1,
    +  "hooks": {}
     }

Scheduled jobs (after binary)
  load    io.github.claude-memory.digest — launchd, daily
  warn: job PATH has no psql

info: 1 step skipped: ollama

Dry run: nothing was changed.

